
Memory Configuration

Name             Origin             Length             Attributes
SRAM             0x20000000         0x00018000         xrw
FLASH            0x08000000         0x00080000         xr
*default*        0x00000000         0xffffffff

Linker script and memory map

LOAD _gen/obj/bsw/mcal/kx_gpio/gpio.o
LOAD _gen/obj/bsw/sys/startup_STM32F4.o
LOAD _gen/obj/bsw/sys/main.o
LOAD _gen/obj/conf/cfg_mcal/cfg_gpio/cfg_gpio.o
                0x20018000                        _estack = (ORIGIN (SRAM) + LENGTH (SRAM))

.vector_table   0x08000000      0x194
                0x08000000                        . = ALIGN (0x4)
 *(.vector_table)
 .vector_table  0x08000000      0x194 _gen/obj/bsw/sys/startup_STM32F4.o
                0x08000000                vt_ptr
                0x08000194                        . = ALIGN (0x4)

.text           0x08000194      0x258
                0x08000194                        . = ALIGN (0x4)
 *(.text)
 .text          0x08000194      0x164 _gen/obj/bsw/mcal/kx_gpio/gpio.o
                0x08000194                gpio_init
                0x08000268                gpio_write
                0x080002cc                gpio_read
 .text          0x080002f8       0x68 _gen/obj/bsw/sys/startup_STM32F4.o
                0x080002f8                Reset_handler
                0x08000358                UART2_handler
                0x08000358                EXTI15_10_handler
                0x08000358                DMA1_Stream7_handler
                0x08000358                UART1_handler
                0x08000358                TIM1_UP_TIM10_handler
                0x08000358                EXTI0_handler
                0x08000358                DMA1_Stream1_handler
                0x08000358                SDIO_handler
                0x08000358                NMI_handler
                0x08000358                DMA2_Stream3_handler
                0x08000358                TIM2_handler
                0x08000358                SPI3_handler
                0x08000358                TIM3_handler
                0x08000358                WWDG_handler
                0x08000358                UART6_handler
                0x08000358                SPI2_handler
                0x08000358                UsuageFault_handler
                0x08000358                SVCall_handler
                0x08000358                DMA2_Stream6_handler
                0x08000358                DebugMonitor_handler
                0x08000358                I2C3_ER_handler
                0x08000358                DMA1_Stream3_handler
                0x08000358                MemManage_handler
                0x08000358                SPI4_handler
                0x08000358                HardFault_handler
                0x08000358                DMA1_Stream5_handler
                0x08000358                FPU_handler
                0x08000358                DMA2_Stream5_handler
                0x08000358                EXITI21_TAMP_STAMP_handler
                0x08000358                EXTI18_OTG_FS_WKUP_handler
                0x08000358                RCC_handler
                0x08000358                Systick_handler
                0x08000358                EXTI2_handler
                0x08000358                DMA2_Stream1_handler
                0x08000358                I2C1_ER_handler
                0x08000358                EXTI9_5__handler
                0x08000358                EXTI17_RTC_Alarm_handler
                0x08000358                I2C2_EV_handler
                0x08000358                EXITI22_RTC_WKUP_handler
                0x08000358                EXTI3_handler
                0x08000358                DMA2_Stream0_handler
                0x08000358                FLASH_handler
                0x08000358                OTG_FS_handler
                0x08000358                DMA1_Stream4_handler
                0x08000358                I2C2_ER_handler
                0x08000358                TIM1_BRK_TIM9_handler
                0x08000358                TIM4_handler
                0x08000358                DMA1_Stream2_handler
                0x08000358                EXTI4_handler
                0x08000358                DMA1_Stream6_handler
                0x08000358                ADC_handler
                0x08000358                I2C1_EV_handler
                0x08000358                SPI1_handler
                0x08000358                DMA2_Stream4_handler
                0x08000358                PendSV_handler
                0x08000358                DMA2_Stream7_handler
                0x08000358                DMA1_Stream0_handler
                0x08000358                DMA2_Stream2_handler
                0x08000358                EXTI1_handler
                0x08000358                TIM1_TRG_COM_TIM11_handler
                0x08000358                TIM5_handler
                0x08000358                EXITI16_PVD__handler
                0x08000358                I2C3_EV_handler
                0x08000358                BusFault_handler
                0x08000358                TIM1_CC_handler
                0x08000358                Default_handler
 .text          0x08000360       0x78 _gen/obj/bsw/sys/main.o
                0x08000360                wait_ms
                0x0800039c                main
 .text          0x080003d8        0x0 _gen/obj/conf/cfg_mcal/cfg_gpio/cfg_gpio.o
 *(.text.*)
 *(.rodata)
 .rodata        0x080003d8        0xc _gen/obj/bsw/mcal/kx_gpio/gpio.o
                0x080003d8                GpioPorts
 .rodata        0x080003e4        0x5 _gen/obj/conf/cfg_mcal/cfg_gpio/cfg_gpio.o
                0x080003e4                GpioConfig
                0x080003e8                GpioConfigCount
 *(.rodata.*)
                0x080003ec                        . = ALIGN (0x4)
 *fill*         0x080003e9        0x3 
                0x080003ec                        _sidata = LOADADDR (.data)

.glue_7         0x080003ec        0x0
 .glue_7        0x080003ec        0x0 linker stubs

.glue_7t        0x080003ec        0x0
 .glue_7t       0x080003ec        0x0 linker stubs

.vfp11_veneer   0x080003ec        0x0
 .vfp11_veneer  0x080003ec        0x0 linker stubs

.v4_bx          0x080003ec        0x0
 .v4_bx         0x080003ec        0x0 linker stubs

.iplt           0x080003ec        0x0
 .iplt          0x080003ec        0x0 _gen/obj/bsw/mcal/kx_gpio/gpio.o

.rel.dyn        0x080003ec        0x0
 .rel.iplt      0x080003ec        0x0 _gen/obj/bsw/mcal/kx_gpio/gpio.o

.data           0x20000000        0x0 load address 0x080003ec
                0x20000000                        . = ALIGN (0x4)
                0x20000000                        _sdata = .
 *(.data)
 .data          0x20000000        0x0 _gen/obj/bsw/mcal/kx_gpio/gpio.o
 .data          0x20000000        0x0 _gen/obj/bsw/sys/startup_STM32F4.o
 .data          0x20000000        0x0 _gen/obj/bsw/sys/main.o
 .data          0x20000000        0x0 _gen/obj/conf/cfg_mcal/cfg_gpio/cfg_gpio.o
 *(.data.*)
                0x20000000                        _edata = .
                0x20000000                        . = ALIGN (0x4)

.igot.plt       0x20000000        0x0 load address 0x080003ec
 .igot.plt      0x20000000        0x0 _gen/obj/bsw/mcal/kx_gpio/gpio.o

.bss            0x20000000        0x0 load address 0x080003ec
                0x20000000                        . = ALIGN (0x4)
                0x20000000                        _sbss = .
 *(.bss)
 .bss           0x20000000        0x0 _gen/obj/bsw/mcal/kx_gpio/gpio.o
 .bss           0x20000000        0x0 _gen/obj/bsw/sys/startup_STM32F4.o
 .bss           0x20000000        0x0 _gen/obj/bsw/sys/main.o
 .bss           0x20000000        0x0 _gen/obj/conf/cfg_mcal/cfg_gpio/cfg_gpio.o
 *(.bss.*)
                0x20000000                        . = ALIGN (0x4)
                0x20000000                        _ebss = .
OUTPUT(_gen/main.elf elf32-littlearm)
LOAD linker stubs

.debug_info     0x00000000      0x903
 .debug_info    0x00000000      0x417 _gen/obj/bsw/mcal/kx_gpio/gpio.o
 .debug_info    0x00000417      0x162 _gen/obj/bsw/sys/startup_STM32F4.o
 .debug_info    0x00000579      0x1fb _gen/obj/bsw/sys/main.o
 .debug_info    0x00000774      0x18f _gen/obj/conf/cfg_mcal/cfg_gpio/cfg_gpio.o

.debug_abbrev   0x00000000      0x4a3
 .debug_abbrev  0x00000000      0x187 _gen/obj/bsw/mcal/kx_gpio/gpio.o
 .debug_abbrev  0x00000187      0x10a _gen/obj/bsw/sys/startup_STM32F4.o
 .debug_abbrev  0x00000291      0x13a _gen/obj/bsw/sys/main.o
 .debug_abbrev  0x000003cb       0xd8 _gen/obj/conf/cfg_mcal/cfg_gpio/cfg_gpio.o

.debug_aranges  0x00000000       0x78
 .debug_aranges
                0x00000000       0x20 _gen/obj/bsw/mcal/kx_gpio/gpio.o
 .debug_aranges
                0x00000020       0x20 _gen/obj/bsw/sys/startup_STM32F4.o
 .debug_aranges
                0x00000040       0x20 _gen/obj/bsw/sys/main.o
 .debug_aranges
                0x00000060       0x18 _gen/obj/conf/cfg_mcal/cfg_gpio/cfg_gpio.o

.debug_line     0x00000000      0x45e
 .debug_line    0x00000000      0x201 _gen/obj/bsw/mcal/kx_gpio/gpio.o
 .debug_line    0x00000201       0xd3 _gen/obj/bsw/sys/startup_STM32F4.o
 .debug_line    0x000002d4      0x104 _gen/obj/bsw/sys/main.o
 .debug_line    0x000003d8       0x86 _gen/obj/conf/cfg_mcal/cfg_gpio/cfg_gpio.o

.debug_str      0x00000000      0x3fb
 .debug_str     0x00000000      0x30b _gen/obj/bsw/mcal/kx_gpio/gpio.o
                                0x344 (size before relaxing)
 .debug_str     0x0000030b       0x73 _gen/obj/bsw/sys/startup_STM32F4.o
                                0x195 (size before relaxing)
 .debug_str     0x0000037e       0x5b _gen/obj/bsw/sys/main.o
                                0x238 (size before relaxing)
 .debug_str     0x000003d9       0x22 _gen/obj/conf/cfg_mcal/cfg_gpio/cfg_gpio.o
                                0x224 (size before relaxing)

.comment        0x00000000       0x26
 .comment       0x00000000       0x26 _gen/obj/bsw/mcal/kx_gpio/gpio.o
                                 0x27 (size before relaxing)
 .comment       0x00000026       0x27 _gen/obj/bsw/sys/startup_STM32F4.o
 .comment       0x00000026       0x27 _gen/obj/bsw/sys/main.o
 .comment       0x00000026       0x27 _gen/obj/conf/cfg_mcal/cfg_gpio/cfg_gpio.o

.ARM.attributes
                0x00000000       0x2e
 .ARM.attributes
                0x00000000       0x2e _gen/obj/bsw/mcal/kx_gpio/gpio.o
 .ARM.attributes
                0x0000002e       0x2e _gen/obj/bsw/sys/startup_STM32F4.o
 .ARM.attributes
                0x0000005c       0x2e _gen/obj/bsw/sys/main.o
 .ARM.attributes
                0x0000008a       0x2e _gen/obj/conf/cfg_mcal/cfg_gpio/cfg_gpio.o

.debug_frame    0x00000000      0x128
 .debug_frame   0x00000000       0x88 _gen/obj/bsw/mcal/kx_gpio/gpio.o
 .debug_frame   0x00000088       0x4c _gen/obj/bsw/sys/startup_STM32F4.o
 .debug_frame   0x000000d4       0x54 _gen/obj/bsw/sys/main.o
