
Memory Configuration

Name             Origin             Length             Attributes
SRAM             0x20000000         0x00018000         xrw
FLASH            0x08000000         0x00080000         xr
*default*        0x00000000         0xffffffff

Linker script and memory map

LOAD _gen/obj/bsw/mcal/kx_systick/systick.o
LOAD _gen/obj/bsw/mcal/kx_gpio/gpio.o
LOAD _gen/obj/bsw/mcal/kx_regs/cortex_m4.o
LOAD _gen/obj/bsw/sys/startup_STM32F4.o
LOAD _gen/obj/bsw/sys/main.o
LOAD _gen/obj/conf/cfg_mcal/cfg_gpio/cfg_gpio.o
LOAD _gen/obj/conf/cfg_mcal/cfg_systick/cfg_systick.o
                0x20018000                        _estack = (ORIGIN (SRAM) + LENGTH (SRAM))

.vector_table   0x08000000      0x194
                0x08000000                        . = ALIGN (0x4)
 *(.vector_table)
 .vector_table  0x08000000      0x194 _gen/obj/bsw/sys/startup_STM32F4.o
                0x08000000                vt_ptr
                0x08000194                        . = ALIGN (0x4)

.text           0x08000194      0x3d4
                0x08000194                        . = ALIGN (0x4)
 *(.text)
 .text          0x08000194      0x104 _gen/obj/bsw/mcal/kx_systick/systick.o
                0x08000194                systick_init
                0x08000224                SysTick_Callback_Channel0
                0x08000234                SysTick_SetCallback
                0x0800025c                Systick_handler
 .text          0x08000298      0x1a8 _gen/obj/bsw/mcal/kx_gpio/gpio.o
                0x08000298                gpio_init
                0x08000370                gpio_write
                0x080003d4                gpio_toggle
                0x08000414                gpio_read
 .text          0x08000440       0x34 _gen/obj/bsw/mcal/kx_regs/cortex_m4.o
                0x08000440                global_enable_IRQ
                0x0800045a                global_disable_IRQ
 .text          0x08000474       0x68 _gen/obj/bsw/sys/startup_STM32F4.o
                0x08000474                Reset_handler
                0x080004d4                UART2_handler
                0x080004d4                EXTI15_10_handler
                0x080004d4                DMA1_Stream7_handler
                0x080004d4                UART1_handler
                0x080004d4                TIM1_UP_TIM10_handler
                0x080004d4                EXTI0_handler
                0x080004d4                DMA1_Stream1_handler
                0x080004d4                SDIO_handler
                0x080004d4                NMI_handler
                0x080004d4                DMA2_Stream3_handler
                0x080004d4                TIM2_handler
                0x080004d4                SPI3_handler
                0x080004d4                TIM3_handler
                0x080004d4                WWDG_handler
                0x080004d4                UART6_handler
                0x080004d4                SPI2_handler
                0x080004d4                UsuageFault_handler
                0x080004d4                SVCall_handler
                0x080004d4                DMA2_Stream6_handler
                0x080004d4                DebugMonitor_handler
                0x080004d4                I2C3_ER_handler
                0x080004d4                DMA1_Stream3_handler
                0x080004d4                MemManage_handler
                0x080004d4                SPI4_handler
                0x080004d4                HardFault_handler
                0x080004d4                DMA1_Stream5_handler
                0x080004d4                FPU_handler
                0x080004d4                DMA2_Stream5_handler
                0x080004d4                EXITI21_TAMP_STAMP_handler
                0x080004d4                EXTI18_OTG_FS_WKUP_handler
                0x080004d4                RCC_handler
                0x080004d4                EXTI2_handler
                0x080004d4                DMA2_Stream1_handler
                0x080004d4                I2C1_ER_handler
                0x080004d4                EXTI9_5__handler
                0x080004d4                EXTI17_RTC_Alarm_handler
                0x080004d4                I2C2_EV_handler
                0x080004d4                EXITI22_RTC_WKUP_handler
                0x080004d4                EXTI3_handler
                0x080004d4                DMA2_Stream0_handler
                0x080004d4                FLASH_handler
                0x080004d4                OTG_FS_handler
                0x080004d4                DMA1_Stream4_handler
                0x080004d4                I2C2_ER_handler
                0x080004d4                TIM1_BRK_TIM9_handler
                0x080004d4                TIM4_handler
                0x080004d4                DMA1_Stream2_handler
                0x080004d4                EXTI4_handler
                0x080004d4                DMA1_Stream6_handler
                0x080004d4                ADC_handler
                0x080004d4                I2C1_EV_handler
                0x080004d4                SPI1_handler
                0x080004d4                DMA2_Stream4_handler
                0x080004d4                PendSV_handler
                0x080004d4                DMA2_Stream7_handler
                0x080004d4                DMA1_Stream0_handler
                0x080004d4                DMA2_Stream2_handler
                0x080004d4                EXTI1_handler
                0x080004d4                TIM1_TRG_COM_TIM11_handler
                0x080004d4                TIM5_handler
                0x080004d4                EXITI16_PVD__handler
                0x080004d4                I2C3_EV_handler
                0x080004d4                BusFault_handler
                0x080004d4                TIM1_CC_handler
                0x080004d4                Default_handler
 .text          0x080004dc       0x70 _gen/obj/bsw/sys/main.o
                0x080004dc                wait_ms
                0x08000518                main
 .text          0x0800054c        0x0 _gen/obj/conf/cfg_mcal/cfg_gpio/cfg_gpio.o
 .text          0x0800054c        0x0 _gen/obj/conf/cfg_mcal/cfg_systick/cfg_systick.o
 *(.text.*)
 *(.rodata)
 .rodata        0x0800054c       0x11 _gen/obj/conf/cfg_mcal/cfg_gpio/cfg_gpio.o
                0x0800054c                GpioPorts
                0x08000558                GpioConfig
                0x0800055c                GpioConfigCount
 *fill*         0x0800055d        0x3 
 .rodata        0x08000560        0x8 _gen/obj/conf/cfg_mcal/cfg_systick/cfg_systick.o
                0x08000560                SysTickConfig
 *(.rodata.*)
                0x08000568                        . = ALIGN (0x4)
                0x08000568                        _sidata = LOADADDR (.data)

.glue_7         0x08000568        0x0
 .glue_7        0x08000568        0x0 linker stubs

.glue_7t        0x08000568        0x0
 .glue_7t       0x08000568        0x0 linker stubs

.vfp11_veneer   0x08000568        0x0
 .vfp11_veneer  0x08000568        0x0 linker stubs

.v4_bx          0x08000568        0x0
 .v4_bx         0x08000568        0x0 linker stubs

.iplt           0x08000568        0x0
 .iplt          0x08000568        0x0 _gen/obj/bsw/mcal/kx_systick/systick.o

.rel.dyn        0x08000568        0x0
 .rel.iplt      0x08000568        0x0 _gen/obj/bsw/mcal/kx_systick/systick.o

.data           0x20000000        0x0 load address 0x08000568
                0x20000000                        . = ALIGN (0x4)
                0x20000000                        _sdata = .
 *(.data)
 .data          0x20000000        0x0 _gen/obj/bsw/mcal/kx_systick/systick.o
 .data          0x20000000        0x0 _gen/obj/bsw/mcal/kx_gpio/gpio.o
 .data          0x20000000        0x0 _gen/obj/bsw/mcal/kx_regs/cortex_m4.o
 .data          0x20000000        0x0 _gen/obj/bsw/sys/startup_STM32F4.o
 .data          0x20000000        0x0 _gen/obj/bsw/sys/main.o
 .data          0x20000000        0x0 _gen/obj/conf/cfg_mcal/cfg_gpio/cfg_gpio.o
 .data          0x20000000        0x0 _gen/obj/conf/cfg_mcal/cfg_systick/cfg_systick.o
 *(.data.*)
                0x20000000                        _edata = .
                0x20000000                        . = ALIGN (0x4)

.igot.plt       0x20000000        0x0 load address 0x08000568
 .igot.plt      0x20000000        0x0 _gen/obj/bsw/mcal/kx_systick/systick.o

.bss            0x20000000        0x4 load address 0x08000568
                0x20000000                        . = ALIGN (0x4)
                0x20000000                        _sbss = .
 *(.bss)
 .bss           0x20000000        0x4 _gen/obj/bsw/mcal/kx_systick/systick.o
 .bss           0x20000004        0x0 _gen/obj/bsw/mcal/kx_gpio/gpio.o
 .bss           0x20000004        0x0 _gen/obj/bsw/mcal/kx_regs/cortex_m4.o
 .bss           0x20000004        0x0 _gen/obj/bsw/sys/startup_STM32F4.o
 .bss           0x20000004        0x0 _gen/obj/bsw/sys/main.o
 .bss           0x20000004        0x0 _gen/obj/conf/cfg_mcal/cfg_gpio/cfg_gpio.o
 .bss           0x20000004        0x0 _gen/obj/conf/cfg_mcal/cfg_systick/cfg_systick.o
 *(.bss.*)
                0x20000004                        . = ALIGN (0x4)
                0x20000004                        _ebss = .
OUTPUT(_gen/main.elf elf32-littlearm)
LOAD linker stubs

.debug_info     0x00000000      0xf15
 .debug_info    0x00000000      0x27a _gen/obj/bsw/mcal/kx_systick/systick.o
 .debug_info    0x0000027a      0x43d _gen/obj/bsw/mcal/kx_gpio/gpio.o
 .debug_info    0x000006b7       0xbd _gen/obj/bsw/mcal/kx_regs/cortex_m4.o
 .debug_info    0x00000774      0x162 _gen/obj/bsw/sys/startup_STM32F4.o
 .debug_info    0x000008d6      0x2b2 _gen/obj/bsw/sys/main.o
 .debug_info    0x00000b88      0x27d _gen/obj/conf/cfg_mcal/cfg_gpio/cfg_gpio.o
 .debug_info    0x00000e05      0x110 _gen/obj/conf/cfg_mcal/cfg_systick/cfg_systick.o

.debug_abbrev   0x00000000      0x7b0
 .debug_abbrev  0x00000000      0x169 _gen/obj/bsw/mcal/kx_systick/systick.o
 .debug_abbrev  0x00000169      0x18c _gen/obj/bsw/mcal/kx_gpio/gpio.o
 .debug_abbrev  0x000002f5       0x80 _gen/obj/bsw/mcal/kx_regs/cortex_m4.o
 .debug_abbrev  0x00000375      0x10a _gen/obj/bsw/sys/startup_STM32F4.o
 .debug_abbrev  0x0000047f      0x152 _gen/obj/bsw/sys/main.o
 .debug_abbrev  0x000005d1      0x140 _gen/obj/conf/cfg_mcal/cfg_gpio/cfg_gpio.o
 .debug_abbrev  0x00000711       0x9f _gen/obj/conf/cfg_mcal/cfg_systick/cfg_systick.o

.debug_aranges  0x00000000       0xd0
 .debug_aranges
                0x00000000       0x20 _gen/obj/bsw/mcal/kx_systick/systick.o
 .debug_aranges
                0x00000020       0x20 _gen/obj/bsw/mcal/kx_gpio/gpio.o
 .debug_aranges
                0x00000040       0x20 _gen/obj/bsw/mcal/kx_regs/cortex_m4.o
 .debug_aranges
                0x00000060       0x20 _gen/obj/bsw/sys/startup_STM32F4.o
 .debug_aranges
                0x00000080       0x20 _gen/obj/bsw/sys/main.o
 .debug_aranges
                0x000000a0       0x18 _gen/obj/conf/cfg_mcal/cfg_gpio/cfg_gpio.o
 .debug_aranges
                0x000000b8       0x18 _gen/obj/conf/cfg_mcal/cfg_systick/cfg_systick.o

.debug_line     0x00000000      0x7ac
 .debug_line    0x00000000      0x1ae _gen/obj/bsw/mcal/kx_systick/systick.o
 .debug_line    0x000001ae      0x216 _gen/obj/bsw/mcal/kx_gpio/gpio.o
 .debug_line    0x000003c4       0x97 _gen/obj/bsw/mcal/kx_regs/cortex_m4.o
 .debug_line    0x0000045b       0xd3 _gen/obj/bsw/sys/startup_STM32F4.o
 .debug_line    0x0000052e      0x140 _gen/obj/bsw/sys/main.o
 .debug_line    0x0000066e       0xaf _gen/obj/conf/cfg_mcal/cfg_gpio/cfg_gpio.o
 .debug_line    0x0000071d       0x8f _gen/obj/conf/cfg_mcal/cfg_systick/cfg_systick.o

.debug_str      0x00000000      0x60b
 .debug_str     0x00000000      0x2d6 _gen/obj/bsw/mcal/kx_systick/systick.o
                                0x30a (size before relaxing)
 .debug_str     0x000002d6      0x20e _gen/obj/bsw/mcal/kx_gpio/gpio.o
                                0x350 (size before relaxing)
 .debug_str     0x000004e4       0x25 _gen/obj/bsw/mcal/kx_regs/cortex_m4.o
                                0x16c (size before relaxing)
 .debug_str     0x00000509       0x73 _gen/obj/bsw/sys/startup_STM32F4.o
                                0x195 (size before relaxing)
 .debug_str     0x0000057c       0x45 _gen/obj/bsw/sys/main.o
                                0x30c (size before relaxing)
 .debug_str     0x000005c1       0x22 _gen/obj/conf/cfg_mcal/cfg_gpio/cfg_gpio.o
                                0x273 (size before relaxing)
 .debug_str     0x000005e3       0x28 _gen/obj/conf/cfg_mcal/cfg_systick/cfg_systick.o
                                0x1f4 (size before relaxing)

.comment        0x00000000       0x26
 .comment       0x00000000       0x26 _gen/obj/bsw/mcal/kx_systick/systick.o
                                 0x27 (size before relaxing)
 .comment       0x00000026       0x27 _gen/obj/bsw/mcal/kx_gpio/gpio.o
 .comment       0x00000026       0x27 _gen/obj/bsw/mcal/kx_regs/cortex_m4.o
 .comment       0x00000026       0x27 _gen/obj/bsw/sys/startup_STM32F4.o
 .comment       0x00000026       0x27 _gen/obj/bsw/sys/main.o
 .comment       0x00000026       0x27 _gen/obj/conf/cfg_mcal/cfg_gpio/cfg_gpio.o
 .comment       0x00000026       0x27 _gen/obj/conf/cfg_mcal/cfg_systick/cfg_systick.o

.ARM.attributes
                0x00000000       0x2e
 .ARM.attributes
                0x00000000       0x2e _gen/obj/bsw/mcal/kx_systick/systick.o
 .ARM.attributes
                0x0000002e       0x2e _gen/obj/bsw/mcal/kx_gpio/gpio.o
 .ARM.attributes
                0x0000005c       0x2e _gen/obj/bsw/mcal/kx_regs/cortex_m4.o
 .ARM.attributes
                0x0000008a       0x2e _gen/obj/bsw/sys/startup_STM32F4.o
 .ARM.attributes
                0x000000b8       0x2e _gen/obj/bsw/sys/main.o
 .ARM.attributes
                0x000000e6       0x2e _gen/obj/conf/cfg_mcal/cfg_gpio/cfg_gpio.o
 .ARM.attributes
                0x00000114       0x2e _gen/obj/conf/cfg_mcal/cfg_systick/cfg_systick.o

.debug_frame    0x00000000      0x24c
 .debug_frame   0x00000000       0x9c _gen/obj/bsw/mcal/kx_systick/systick.o
 .debug_frame   0x0000009c       0xb0 _gen/obj/bsw/mcal/kx_gpio/gpio.o
 .debug_frame   0x0000014c       0x60 _gen/obj/bsw/mcal/kx_regs/cortex_m4.o
 .debug_frame   0x000001ac       0x4c _gen/obj/bsw/sys/startup_STM32F4.o
 .debug_frame   0x000001f8       0x54 _gen/obj/bsw/sys/main.o
